2025-06-03T11:28:16.255Z - info: Initializing jsreport (version: 4.9.0, configuration file: none, nodejs: 22.14.0)
2025-06-03T11:28:16.303Z - info: Searching for available extensions in C:\Cosmo\Projects\AVD\AVD-SERVER\
2025-06-03T11:28:16.322Z - info: Extensions location cache not found, crawling directories
2025-06-03T11:28:20.122Z - info: Found 35 extension(s)
2025-06-03T11:28:20.248Z - debug: Writing extension locations cache to C:\Users\cosmo\AppData\Local\Temp\jsreport\core\locations.json
2025-06-03T11:28:20.252Z - debug: Discovered 35 extensions
2025-06-03T11:28:20.336Z - info: Using extension authentication@4.2.3
2025-06-03T11:28:20.852Z - debug: Extension authentication@4.2.3 was disabled
2025-06-03T11:28:20.857Z - info: Using extension base@4.0.0
2025-06-03T11:28:20.869Z - info: Using extension child-templates@4.1.0
2025-06-03T11:28:20.875Z - info: Using extension cli@4.1.1
2025-06-03T11:28:20.883Z - info: Using extension components@4.0.2
2025-06-03T11:28:20.890Z - info: Using extension data@4.1.0
2025-06-03T11:28:20.895Z - info: Using extension express@4.2.0
2025-06-03T11:28:21.950Z - info: Using extension freeze@4.0.0
2025-06-03T11:28:21.955Z - info: Using extension fs-store@4.1.1
2025-06-03T11:28:22.365Z - debug: Extension fs-store@4.1.1 was disabled
2025-06-03T11:28:22.366Z - info: Using extension handlebars@4.0.1
2025-06-03T11:28:22.373Z - info: Using extension import-export@4.0.7
2025-06-03T11:28:22.406Z - info: Using extension jsrender@4.0.0
2025-06-03T11:28:22.409Z - info: Using extension licensing@4.0.5
2025-06-03T11:28:22.592Z - info: Using extension localization@4.0.1
2025-06-03T11:28:22.595Z - info: Using extension npm@4.0.0
2025-06-03T11:28:22.605Z - info: Using extension pdf-utils@4.3.0
2025-06-03T11:28:22.609Z - info: Using extension reports@4.1.4
2025-06-03T11:28:22.615Z - info: Using extension tags@4.0.1
2025-06-03T11:28:22.619Z - info: Using extension text@4.0.2
2025-06-03T11:28:22.624Z - info: Using extension version-control@4.1.1
2025-06-03T11:28:22.660Z - info: Using extension assets@4.2.2
2025-06-03T11:28:22.698Z - info: Using extension authorization@4.1.0
2025-06-03T11:28:22.713Z - debug: Extension authorization@4.1.0 was disabled
2025-06-03T11:28:22.713Z - info: Using extension browser-client@4.1.0
2025-06-03T11:28:22.720Z - info: Using extension chrome-pdf@4.2.0
2025-06-03T11:28:22.728Z - debug: Chrome strategy is chrome-pool, numberOfWorkers: 1
2025-06-03T11:28:22.729Z - debug: Chrome custom launch options are protocolTimeout=60000
2025-06-03T11:28:22.729Z - info: Using extension docx@4.8.0
2025-06-03T11:28:22.733Z - info: Using extension html-to-xlsx@4.2.1
2025-06-03T11:28:23.313Z - info: html-to-xlsx detected chrome as available html engine
2025-06-03T11:28:23.313Z - info: Using extension pptx@4.4.1
2025-06-03T11:28:23.319Z - info: Using extension scheduling@4.1.0
2025-06-03T11:28:23.380Z - info: Using extension scripts@4.2.0
2025-06-03T11:28:23.383Z - info: Using extension static-pdf@4.1.0
2025-06-03T11:28:23.385Z - info: Using extension studio@4.3.1
2025-06-03T11:28:23.655Z - info: Using extension xlsx@4.4.1
2025-06-03T11:28:23.660Z - info: Using extension public-templates@4.0.0
2025-06-03T11:28:23.663Z - debug: Extension public-templates@4.0.0 was disabled
2025-06-03T11:28:23.664Z - info: Using extension sample-template@4.0.1
2025-06-03T11:28:23.668Z - info: Using extension studio-theme-dark@4.0.0
2025-06-03T11:28:23.674Z - info: Using general timeout for rendering (reportTimeout: 60000)
2025-06-03T11:28:23.674Z - info: Using memory provider for template store. The saved templates will be lost after restart
2025-06-03T11:28:23.699Z - debug: studio default theme is: light
2025-06-03T11:28:23.708Z - info: Creating default express app.
2025-06-03T11:28:23.762Z - info: jsreport server successfully started on http port: 5488
2025-06-03T11:28:23.768Z - info: Verifying license key free
2025-06-03T11:28:23.770Z - info: Using free license
2025-06-03T11:28:23.785Z - info: Migrating templates chrome settings (waitForNetworkIddle -> waitForNetworkIdle)
2025-06-03T11:28:23.790Z - info: Migration successful
2025-06-03T11:28:23.793Z - debug: Creating samples is disabled
2025-06-03T11:28:23.794Z - info: Initializing worker threads
2025-06-03T11:28:23.795Z - debug: Extensions in workers: base, child-templates, components, data, express, handlebars, jsrender, localization, npm, pdf-utils, reports, text, version-control, assets, browser-client, chrome-pdf, docx, html-to-xlsx, pptx, scripts, static-pdf, studio, xlsx
2025-06-03T11:28:25.209Z - info: 2 worker threads initialized in 1415ms
2025-06-03T11:28:25.210Z - info: Starting temp files cleanup with 180000ms threshold
2025-06-03T11:28:25.213Z - info: reporter initialized
2025-06-03T11:55:04.038Z - info: Initializing jsreport (version: 4.9.0, configuration file: none, nodejs: 22.14.0)
2025-06-03T11:55:04.041Z - info: Searching for available extensions in C:\Cosmo\Projects\AVD\AVD-SERVER\
2025-06-03T11:55:04.056Z - info: Extensions location cache contains up to date information, skipping crawling in C:\Cosmo\Projects\AVD\AVD-SERVER\
2025-06-03T11:55:04.060Z - info: Found 35 extension(s)
2025-06-03T11:55:04.139Z - debug: Writing extension locations cache to C:\Users\cosmo\AppData\Local\Temp\jsreport\core\locations.json
2025-06-03T11:55:04.142Z - debug: Discovered 35 extensions
2025-06-03T11:55:04.224Z - info: Using extension authentication@4.2.3
2025-06-03T11:55:04.502Z - debug: Extension authentication@4.2.3 was disabled
2025-06-03T11:55:04.503Z - info: Using extension base@4.0.0
2025-06-03T11:55:04.508Z - info: Using extension child-templates@4.1.0
2025-06-03T11:55:04.510Z - info: Using extension cli@4.1.1
2025-06-03T11:55:04.514Z - info: Using extension components@4.0.2
2025-06-03T11:55:04.517Z - info: Using extension data@4.1.0
2025-06-03T11:55:04.520Z - info: Using extension express@4.2.0
2025-06-03T11:55:05.190Z - info: Using extension freeze@4.0.0
2025-06-03T11:55:05.193Z - info: Using extension fs-store@4.1.1
2025-06-03T11:55:05.426Z - debug: Extension fs-store@4.1.1 was disabled
2025-06-03T11:55:05.426Z - info: Using extension handlebars@4.0.1
2025-06-03T11:55:05.430Z - info: Using extension import-export@4.0.7
2025-06-03T11:55:05.446Z - info: Using extension jsrender@4.0.0
2025-06-03T11:55:05.447Z - info: Using extension licensing@4.0.5
2025-06-03T11:55:05.513Z - info: Using extension localization@4.0.1
2025-06-03T11:55:05.516Z - info: Using extension npm@4.0.0
2025-06-03T11:55:05.520Z - info: Using extension pdf-utils@4.3.0
2025-06-03T11:55:05.522Z - info: Using extension reports@4.1.4
2025-06-03T11:55:05.525Z - info: Using extension tags@4.0.1
2025-06-03T11:55:05.528Z - info: Using extension text@4.0.2
2025-06-03T11:55:05.529Z - info: Using extension version-control@4.1.1
2025-06-03T11:55:05.553Z - info: Using extension assets@4.2.2
2025-06-03T11:55:05.574Z - info: Using extension authorization@4.1.0
2025-06-03T11:55:05.581Z - debug: Extension authorization@4.1.0 was disabled
2025-06-03T11:55:05.582Z - info: Using extension browser-client@4.1.0
2025-06-03T11:55:05.587Z - info: Using extension chrome-pdf@4.2.0
2025-06-03T11:55:05.591Z - debug: Chrome strategy is chrome-pool, numberOfWorkers: 1
2025-06-03T11:55:05.592Z - debug: Chrome custom launch options are protocolTimeout=60000
2025-06-03T11:55:05.592Z - info: Using extension docx@4.8.0
2025-06-03T11:55:05.595Z - info: Using extension html-to-xlsx@4.2.1
2025-06-03T11:55:05.940Z - info: html-to-xlsx detected chrome as available html engine
2025-06-03T11:55:05.941Z - info: Using extension pptx@4.4.1
2025-06-03T11:55:05.960Z - info: Using extension scheduling@4.1.0
2025-06-03T11:55:06.009Z - info: Using extension scripts@4.2.0
2025-06-03T11:55:06.012Z - info: Using extension static-pdf@4.1.0
2025-06-03T11:55:06.014Z - info: Using extension studio@4.3.1
2025-06-03T11:55:06.150Z - info: Using extension xlsx@4.4.1
2025-06-03T11:55:06.155Z - info: Using extension public-templates@4.0.0
2025-06-03T11:55:06.157Z - debug: Extension public-templates@4.0.0 was disabled
2025-06-03T11:55:06.157Z - info: Using extension sample-template@4.0.1
2025-06-03T11:55:06.161Z - info: Using extension studio-theme-dark@4.0.0
2025-06-03T11:55:06.163Z - info: Using general timeout for rendering (reportTimeout: 60000)
2025-06-03T11:55:06.163Z - info: Using memory provider for template store. The saved templates will be lost after restart
2025-06-03T11:55:06.178Z - debug: studio default theme is: light
2025-06-03T11:55:06.188Z - info: Creating default express app.
2025-06-03T11:55:06.211Z - info: jsreport server successfully started on http port: 5488
2025-06-03T11:55:06.213Z - info: Verifying license key free
2025-06-03T11:55:06.214Z - info: Using free license
2025-06-03T11:55:06.229Z - info: Migrating templates chrome settings (waitForNetworkIddle -> waitForNetworkIdle)
2025-06-03T11:55:06.230Z - info: Migration successful
2025-06-03T11:55:06.234Z - debug: Creating samples is disabled
2025-06-03T11:55:06.236Z - info: Initializing worker threads
2025-06-03T11:55:06.237Z - debug: Extensions in workers: base, child-templates, components, data, express, handlebars, jsrender, localization, npm, pdf-utils, reports, text, version-control, assets, browser-client, chrome-pdf, docx, html-to-xlsx, pptx, scripts, static-pdf, studio, xlsx
2025-06-03T11:55:07.256Z - info: 2 worker threads initialized in 1020ms
2025-06-03T11:55:07.257Z - info: Starting temp files cleanup with 180000ms threshold
2025-06-03T11:55:07.259Z - info: reporter initialized
2025-06-03T12:00:56.545Z - info: Initializing jsreport (version: 4.9.0, configuration file: none, nodejs: 22.14.0)
2025-06-03T12:00:56.554Z - info: Searching for available extensions in C:\Cosmo\Projects\AVD\AVD-SERVER\
2025-06-03T12:00:56.577Z - info: Extensions location cache contains up to date information, skipping crawling in C:\Cosmo\Projects\AVD\AVD-SERVER\
2025-06-03T12:00:56.584Z - info: Found 35 extension(s)
2025-06-03T12:00:56.711Z - debug: Writing extension locations cache to C:\Users\cosmo\AppData\Local\Temp\jsreport\core\locations.json
2025-06-03T12:00:56.717Z - debug: Discovered 35 extensions
2025-06-03T12:00:56.904Z - info: Using extension authentication@4.2.3
2025-06-03T12:00:57.510Z - debug: Extension authentication@4.2.3 was disabled
2025-06-03T12:00:57.517Z - info: Using extension base@4.0.0
2025-06-03T12:00:57.539Z - info: Using extension child-templates@4.1.0
2025-06-03T12:00:57.550Z - info: Using extension cli@4.1.1
2025-06-03T12:00:57.564Z - info: Using extension components@4.0.2
2025-06-03T12:00:57.568Z - info: Using extension data@4.1.0
2025-06-03T12:00:57.572Z - info: Using extension express@4.2.0
2025-06-03T12:00:58.720Z - info: Using extension freeze@4.0.0
2025-06-03T12:00:58.728Z - info: Using extension fs-store@4.1.1
2025-06-03T12:00:59.238Z - debug: Extension fs-store@4.1.1 was disabled
2025-06-03T12:00:59.286Z - info: Using extension handlebars@4.0.1
2025-06-03T12:00:59.336Z - info: Using extension import-export@4.0.7
2025-06-03T12:00:59.361Z - info: Using extension jsrender@4.0.0
2025-06-03T12:00:59.363Z - info: Using extension licensing@4.0.5
2025-06-03T12:00:59.476Z - info: Using extension localization@4.0.1
2025-06-03T12:00:59.480Z - info: Using extension npm@4.0.0
2025-06-03T12:00:59.486Z - info: Using extension pdf-utils@4.3.0
2025-06-03T12:00:59.492Z - info: Using extension reports@4.1.4
2025-06-03T12:00:59.502Z - info: Using extension tags@4.0.1
2025-06-03T12:00:59.507Z - info: Using extension text@4.0.2
2025-06-03T12:00:59.512Z - info: Using extension version-control@4.1.1
2025-06-03T12:00:59.544Z - info: Using extension assets@4.2.2
2025-06-03T12:00:59.576Z - info: Using extension authorization@4.1.0
2025-06-03T12:00:59.587Z - debug: Extension authorization@4.1.0 was disabled
2025-06-03T12:00:59.588Z - info: Using extension browser-client@4.1.0
2025-06-03T12:00:59.597Z - info: Using extension chrome-pdf@4.2.0
2025-06-03T12:00:59.630Z - debug: Chrome strategy is chrome-pool, numberOfWorkers: 1
2025-06-03T12:00:59.646Z - debug: Chrome custom launch options are protocolTimeout=60000
2025-06-03T12:00:59.660Z - info: Using extension docx@4.8.0
2025-06-03T12:00:59.677Z - info: Using extension html-to-xlsx@4.2.1
2025-06-03T12:01:00.308Z - info: html-to-xlsx detected chrome as available html engine
2025-06-03T12:01:00.311Z - info: Using extension pptx@4.4.1
2025-06-03T12:01:00.318Z - info: Using extension scheduling@4.1.0
2025-06-03T12:01:00.380Z - info: Using extension scripts@4.2.0
2025-06-03T12:01:00.386Z - info: Using extension static-pdf@4.1.0
2025-06-03T12:01:00.392Z - info: Using extension studio@4.3.1
2025-06-03T12:01:00.760Z - info: Using extension xlsx@4.4.1
2025-06-03T12:01:00.767Z - info: Using extension public-templates@4.0.0
2025-06-03T12:01:00.774Z - debug: Extension public-templates@4.0.0 was disabled
2025-06-03T12:01:00.785Z - info: Using extension sample-template@4.0.1
2025-06-03T12:01:00.790Z - info: Using extension studio-theme-dark@4.0.0
2025-06-03T12:01:00.804Z - info: Using general timeout for rendering (reportTimeout: 60000)
2025-06-03T12:01:00.821Z - info: Using memory provider for template store. The saved templates will be lost after restart
2025-06-03T12:01:00.854Z - debug: studio default theme is: light
2025-06-03T12:01:00.874Z - info: Creating default express app.
2025-06-03T12:01:00.922Z - info: jsreport server successfully started on http port: 5488
2025-06-03T12:01:00.927Z - info: Verifying license key free
2025-06-03T12:01:00.929Z - info: Using free license
2025-06-03T12:01:00.955Z - info: Migrating templates chrome settings (waitForNetworkIddle -> waitForNetworkIdle)
2025-06-03T12:01:00.964Z - info: Migration successful
2025-06-03T12:01:00.968Z - debug: Creating samples is disabled
2025-06-03T12:01:00.970Z - info: Initializing worker threads
2025-06-03T12:01:00.971Z - debug: Extensions in workers: base, child-templates, components, data, express, handlebars, jsrender, localization, npm, pdf-utils, reports, text, version-control, assets, browser-client, chrome-pdf, docx, html-to-xlsx, pptx, scripts, static-pdf, studio, xlsx
2025-06-03T12:01:05.122Z - info: Initializing jsreport (version: 4.9.0, configuration file: none, nodejs: 22.14.0)
2025-06-03T12:01:05.131Z - info: Searching for available extensions in C:\Cosmo\Projects\AVD\AVD-SERVER\
2025-06-03T12:01:05.190Z - info: Extensions location cache contains up to date information, skipping crawling in C:\Cosmo\Projects\AVD\AVD-SERVER\
2025-06-03T12:01:05.200Z - info: Found 35 extension(s)
2025-06-03T12:01:05.266Z - debug: Writing extension locations cache to C:\Users\cosmo\AppData\Local\Temp\jsreport\core\locations.json
2025-06-03T12:01:05.273Z - debug: Discovered 35 extensions
2025-06-03T12:01:05.429Z - info: Using extension authentication@4.2.3
2025-06-03T12:01:05.972Z - debug: Extension authentication@4.2.3 was disabled
2025-06-03T12:01:05.974Z - info: Using extension base@4.0.0
2025-06-03T12:01:05.987Z - info: Using extension child-templates@4.1.0
2025-06-03T12:01:05.990Z - info: Using extension cli@4.1.1
2025-06-03T12:01:05.999Z - info: Using extension components@4.0.2
2025-06-03T12:01:06.004Z - info: Using extension data@4.1.0
2025-06-03T12:01:06.006Z - info: Using extension express@4.2.0
2025-06-03T12:01:06.944Z - info: Using extension freeze@4.0.0
2025-06-03T12:01:06.951Z - info: Using extension fs-store@4.1.1
2025-06-03T12:01:07.409Z - debug: Extension fs-store@4.1.1 was disabled
2025-06-03T12:01:07.411Z - info: Using extension handlebars@4.0.1
2025-06-03T12:01:07.416Z - info: Using extension import-export@4.0.7
2025-06-03T12:01:07.444Z - info: Using extension jsrender@4.0.0
2025-06-03T12:01:07.448Z - info: Using extension licensing@4.0.5
2025-06-03T12:01:07.583Z - info: Using extension localization@4.0.1
2025-06-03T12:01:07.585Z - info: Using extension npm@4.0.0
2025-06-03T12:01:07.594Z - info: Using extension pdf-utils@4.3.0
2025-06-03T12:01:07.599Z - info: Using extension reports@4.1.4
2025-06-03T12:01:07.605Z - info: Using extension tags@4.0.1
2025-06-03T12:01:07.611Z - info: Using extension text@4.0.2
2025-06-03T12:01:07.614Z - info: Using extension version-control@4.1.1
2025-06-03T12:01:07.654Z - info: Using extension assets@4.2.2
2025-06-03T12:01:07.693Z - info: Using extension authorization@4.1.0
2025-06-03T12:01:07.708Z - debug: Extension authorization@4.1.0 was disabled
2025-06-03T12:01:07.712Z - info: Using extension browser-client@4.1.0
2025-06-03T12:01:07.718Z - info: Using extension chrome-pdf@4.2.0
2025-06-03T12:01:07.727Z - debug: Chrome strategy is chrome-pool, numberOfWorkers: 1
2025-06-03T12:01:07.730Z - debug: Chrome custom launch options are protocolTimeout=60000
2025-06-03T12:01:07.731Z - info: Using extension docx@4.8.0
2025-06-03T12:01:07.737Z - info: Using extension html-to-xlsx@4.2.1
2025-06-03T12:01:08.347Z - info: html-to-xlsx detected chrome as available html engine
2025-06-03T12:01:08.349Z - info: Using extension pptx@4.4.1
2025-06-03T12:01:08.355Z - info: Using extension scheduling@4.1.0
2025-06-03T12:01:08.437Z - info: Using extension scripts@4.2.0
2025-06-03T12:01:08.441Z - info: Using extension static-pdf@4.1.0
2025-06-03T12:01:08.446Z - info: Using extension studio@4.3.1
2025-06-03T12:01:08.782Z - info: Using extension xlsx@4.4.1
2025-06-03T12:01:08.790Z - info: Using extension public-templates@4.0.0
2025-06-03T12:01:08.799Z - debug: Extension public-templates@4.0.0 was disabled
2025-06-03T12:01:08.800Z - info: Using extension sample-template@4.0.1
2025-06-03T12:01:08.805Z - info: Using extension studio-theme-dark@4.0.0
2025-06-03T12:01:08.809Z - info: Using general timeout for rendering (reportTimeout: 60000)
2025-06-03T12:01:08.812Z - info: Using memory provider for template store. The saved templates will be lost after restart
2025-06-03T12:01:08.846Z - debug: studio default theme is: light
2025-06-03T12:01:08.858Z - info: Creating default express app.
2025-06-03T12:01:08.901Z - info: jsreport server successfully started on http port: 5488
2025-06-03T12:01:08.905Z - info: Verifying license key free
2025-06-03T12:01:08.907Z - info: Using free license
2025-06-03T12:01:08.933Z - info: Migrating templates chrome settings (waitForNetworkIddle -> waitForNetworkIdle)
2025-06-03T12:01:08.939Z - info: Migration successful
2025-06-03T12:01:08.941Z - debug: Creating samples is disabled
2025-06-03T12:01:08.946Z - info: Initializing worker threads
2025-06-03T12:01:08.946Z - debug: Extensions in workers: base, child-templates, components, data, express, handlebars, jsrender, localization, npm, pdf-utils, reports, text, version-control, assets, browser-client, chrome-pdf, docx, html-to-xlsx, pptx, scripts, static-pdf, studio, xlsx
2025-06-03T12:01:10.163Z - info: 2 worker threads initialized in 1217ms
2025-06-03T12:01:10.164Z - info: Starting temp files cleanup with 180000ms threshold
2025-06-03T12:01:10.166Z - info: reporter initialized
2025-06-03T12:19:35.551Z - info: Render request 1 queued for execution and waiting for available worker rootId=255r85g76dbpaf8, id=255r85g76dbpaf8
2025-06-03T12:19:35.614Z - info: Starting rendering request 1 rootId=255r85g76dbpaf8, id=255r85g76dbpaf8
2025-06-03T12:19:35.617Z - info: Rendering anonymous template { recipe: chrome-pdf, engine: handlebars } rootId=255r85g76dbpaf8, id=255r85g76dbpaf8
2025-06-03T12:19:35.618Z - debug: Data item not defined for this template. rootId=255r85g76dbpaf8, id=255r85g76dbpaf8
2025-06-03T12:19:35.623Z - debug: Base url not specified, skipping its injection. rootId=255r85g76dbpaf8, id=255r85g76dbpaf8
2025-06-03T12:19:35.627Z - debug: Rendering engine handlebars rootId=255r85g76dbpaf8, id=255r85g76dbpaf8
2025-06-03T12:19:45.134Z - debug: Executing recipe chrome-pdf rootId=255r85g76dbpaf8, id=255r85g76dbpaf8
2025-06-03T12:20:27.335Z - error: Error when processing render request 1
(because) timed out after 30000 ms while waiting for the WS endpoint URL to appear in stdout!
TimeoutError: Timed out after 30000 ms while waiting for the WS endpoint URL to appear in stdout!
  at ChromeLauncher.launch (C:\Cosmo\Projects\AVD\AVD-SERVER\node_modules\puppeteer-core\lib\cjs\puppeteer\node\BrowserLauncher.js:162:23)
  at async createBrowser (C:\Cosmo\Projects\AVD\AVD-SERVER\node_modules\@jsreport\jsreport-chrome-pdf\lib\chromePoolStrategy.js:115:26)
  at async allocateBrowser (C:\Cosmo\Projects\AVD\AVD-SERVER\node_modules\@jsreport\jsreport-chrome-pdf\lib\chromePoolStrategy.js:130:5)
  at async getBrowser (C:\Cosmo\Projects\AVD\AVD-SERVER\node_modules\@jsreport\jsreport-chrome-pdf\lib\chromePoolStrategy.js:33:30)
  at async module.exports (C:\Cosmo\Projects\AVD\AVD-SERVER\node_modules\@jsreport\jsreport-chrome-pdf\lib\conversion.js:11:19)
  at async execute (C:\Cosmo\Projects\AVD\AVD-SERVER\node_modules\@jsreport\jsreport-chrome-pdf\lib\chromePoolStrategy.js:30:22)
  at async C:\Cosmo\Projects\AVD\AVD-SERVER\node_modules\@jsreport\jsreport-chrome-pdf\lib\lazyRecipe.js:58:20
  at async invokeRender (C:\Cosmo\Projects\AVD\AVD-SERVER\node_modules\@jsreport\jsreport-core\lib\worker\render\render.js:93:5)
  at async WorkerReporter._render (C:\Cosmo\Projects\AVD\AVD-SERVER\node_modules\@jsreport\jsreport-core\lib\worker\render\render.js:148:7)
  at async C:\Cosmo\Projects\AVD\AVD-SERVER\node_modules\@jsreport\jsreport-core\lib\worker\reporter.js:233:24
  at async processAndResponse (C:\Cosmo\Projects\AVD\AVD-SERVER\node_modules\@jsreport\advanced-workers\lib\workerHandler.js:42:17) rootId=255r85g76dbpaf8, id=255r85g76dbpaf8
2025-06-03T12:20:27.335Z - error: Rendering request 1 finished with error in 52055 ms rootId=255r85g76dbpaf8, id=255r85g76dbpaf8
2025-06-03T12:21:29.569Z - info: Render request 2 queued for execution and waiting for available worker rootId=huzu8rizflrpdvt, id=huzu8rizflrpdvt
2025-06-03T12:21:29.581Z - info: Starting rendering request 2 rootId=huzu8rizflrpdvt, id=huzu8rizflrpdvt
2025-06-03T12:21:29.582Z - info: Rendering anonymous template { recipe: chrome-pdf, engine: handlebars } rootId=huzu8rizflrpdvt, id=huzu8rizflrpdvt
2025-06-03T12:21:29.583Z - debug: Data item not defined for this template. rootId=huzu8rizflrpdvt, id=huzu8rizflrpdvt
2025-06-03T12:21:29.591Z - debug: Base url not specified, skipping its injection. rootId=huzu8rizflrpdvt, id=huzu8rizflrpdvt
2025-06-03T12:21:29.593Z - debug: Rendering engine handlebars rootId=huzu8rizflrpdvt, id=huzu8rizflrpdvt
2025-06-03T12:21:31.054Z - debug: Executing recipe chrome-pdf rootId=huzu8rizflrpdvt, id=huzu8rizflrpdvt
2025-06-03T12:22:01.171Z - error: Error when processing render request 2
(because) timed out after 30000 ms while waiting for the WS endpoint URL to appear in stdout!
TimeoutError: Timed out after 30000 ms while waiting for the WS endpoint URL to appear in stdout!
  at ChromeLauncher.launch (C:\Cosmo\Projects\AVD\AVD-SERVER\node_modules\puppeteer-core\lib\cjs\puppeteer\node\BrowserLauncher.js:162:23)
  at async createBrowser (C:\Cosmo\Projects\AVD\AVD-SERVER\node_modules\@jsreport\jsreport-chrome-pdf\lib\chromePoolStrategy.js:115:26)
  at async allocateBrowser (C:\Cosmo\Projects\AVD\AVD-SERVER\node_modules\@jsreport\jsreport-chrome-pdf\lib\chromePoolStrategy.js:130:5)
  at async getBrowser (C:\Cosmo\Projects\AVD\AVD-SERVER\node_modules\@jsreport\jsreport-chrome-pdf\lib\chromePoolStrategy.js:33:30)
  at async module.exports (C:\Cosmo\Projects\AVD\AVD-SERVER\node_modules\@jsreport\jsreport-chrome-pdf\lib\conversion.js:11:19)
  at async execute (C:\Cosmo\Projects\AVD\AVD-SERVER\node_modules\@jsreport\jsreport-chrome-pdf\lib\chromePoolStrategy.js:30:22)
  at async C:\Cosmo\Projects\AVD\AVD-SERVER\node_modules\@jsreport\jsreport-chrome-pdf\lib\lazyRecipe.js:58:20
  at async invokeRender (C:\Cosmo\Projects\AVD\AVD-SERVER\node_modules\@jsreport\jsreport-core\lib\worker\render\render.js:93:5)
  at async WorkerReporter._render (C:\Cosmo\Projects\AVD\AVD-SERVER\node_modules\@jsreport\jsreport-core\lib\worker\render\render.js:148:7)
  at async C:\Cosmo\Projects\AVD\AVD-SERVER\node_modules\@jsreport\jsreport-core\lib\worker\reporter.js:233:24
  at async processAndResponse (C:\Cosmo\Projects\AVD\AVD-SERVER\node_modules\@jsreport\advanced-workers\lib\workerHandler.js:42:17) rootId=huzu8rizflrpdvt, id=huzu8rizflrpdvt
2025-06-03T12:22:01.172Z - error: Rendering request 2 finished with error in 31607 ms rootId=huzu8rizflrpdvt, id=huzu8rizflrpdvt
2025-06-04T14:08:00.226Z - info: Initializing jsreport (version: 4.9.0, configuration file: none, nodejs: 22.14.0)
2025-06-04T14:08:00.237Z - info: Searching for available extensions in C:\Cosmo\Projects\AVD\AVD-SERVER\
2025-06-04T14:08:00.839Z - info: Extensions location cache contains up to date information, skipping crawling in C:\Cosmo\Projects\AVD\AVD-SERVER\
2025-06-04T14:08:00.850Z - info: Found 35 extension(s)
2025-06-04T14:08:01.884Z - debug: Writing extension locations cache to C:\Users\cosmo\AppData\Local\Temp\jsreport\core\locations.json
2025-06-04T14:08:01.948Z - debug: Discovered 35 extensions
2025-06-04T14:08:02.266Z - info: Using extension authentication@4.2.3
2025-06-04T14:08:35.045Z - debug: Extension authentication@4.2.3 was disabled
2025-06-04T14:08:35.046Z - info: Using extension base@4.0.0
2025-06-04T14:08:35.092Z - info: Using extension child-templates@4.1.0
2025-06-04T14:08:35.122Z - info: Using extension cli@4.1.1
2025-06-04T14:08:35.297Z - info: Using extension components@4.0.2
2025-06-04T14:08:35.332Z - info: Using extension data@4.1.0
2025-06-04T14:08:35.358Z - info: Using extension express@4.2.0
2025-06-04T14:09:12.291Z - info: Using extension freeze@4.0.0
2025-06-04T14:09:12.337Z - info: Using extension fs-store@4.1.1
2025-06-04T14:09:14.943Z - debug: Extension fs-store@4.1.1 was disabled
2025-06-04T14:09:14.945Z - info: Using extension handlebars@4.0.1
2025-06-04T14:09:14.961Z - info: Using extension import-export@4.0.7
2025-06-04T14:09:15.429Z - info: Using extension jsrender@4.0.0
2025-06-04T14:09:15.471Z - info: Using extension licensing@4.0.5
2025-06-04T14:09:17.463Z - info: Using extension localization@4.0.1
2025-06-04T14:09:17.481Z - info: Using extension npm@4.0.0
2025-06-04T14:09:17.526Z - info: Using extension pdf-utils@4.3.0
2025-06-04T14:09:17.566Z - info: Using extension reports@4.1.4
2025-06-04T14:09:17.665Z - info: Using extension tags@4.0.1
2025-06-04T14:09:17.698Z - info: Using extension text@4.0.2
2025-06-04T14:09:17.772Z - info: Using extension version-control@4.1.1
2025-06-04T14:09:18.276Z - info: Using extension assets@4.2.2
2025-06-04T14:09:18.668Z - info: Using extension authorization@4.1.0
2025-06-04T14:09:18.794Z - debug: Extension authorization@4.1.0 was disabled
2025-06-04T14:09:18.801Z - info: Using extension browser-client@4.1.0
2025-06-04T14:09:18.943Z - info: Using extension chrome-pdf@4.2.0
2025-06-04T14:09:18.978Z - debug: Chrome strategy is chrome-pool, numberOfWorkers: 1
2025-06-04T14:09:18.980Z - debug: Chrome custom launch options are protocolTimeout=60000
2025-06-04T14:09:18.983Z - info: Using extension docx@4.8.0
2025-06-04T14:09:19.024Z - info: Using extension html-to-xlsx@4.2.1
2025-06-04T14:09:33.637Z - info: html-to-xlsx detected chrome as available html engine
2025-06-04T14:09:33.745Z - info: Using extension pptx@4.4.1
2025-06-04T14:09:33.818Z - info: Using extension scheduling@4.1.0
2025-06-04T14:09:34.592Z - info: Using extension scripts@4.2.0
2025-06-04T14:09:34.831Z - info: Using extension static-pdf@4.1.0
2025-06-04T14:09:34.862Z - info: Using extension studio@4.3.1
2025-06-04T14:09:37.516Z - info: Using extension xlsx@4.4.1
2025-06-04T14:09:37.596Z - info: Using extension public-templates@4.0.0
2025-06-04T14:09:37.768Z - debug: Extension public-templates@4.0.0 was disabled
2025-06-04T14:09:37.777Z - info: Using extension sample-template@4.0.1
2025-06-04T14:09:37.848Z - info: Using extension studio-theme-dark@4.0.0
2025-06-04T14:09:38.111Z - info: Using general timeout for rendering (reportTimeout: 60000)
2025-06-04T14:09:38.182Z - info: Using memory provider for template store. The saved templates will be lost after restart
2025-06-04T14:09:38.363Z - debug: studio default theme is: light
2025-06-04T14:09:38.519Z - info: Creating default express app.
2025-06-04T14:09:39.949Z - info: jsreport server successfully started on http port: 5488
2025-06-04T14:09:40.036Z - info: Verifying license key free
2025-06-04T14:09:40.126Z - info: Using free license
2025-06-04T14:09:40.404Z - info: Migrating templates chrome settings (waitForNetworkIddle -> waitForNetworkIdle)
2025-06-04T14:09:40.501Z - info: Migration successful
2025-06-04T14:09:40.630Z - debug: Creating samples is disabled
2025-06-04T14:09:40.710Z - info: Initializing worker threads
2025-06-04T14:09:40.773Z - debug: Extensions in workers: base, child-templates, components, data, express, handlebars, jsrender, localization, npm, pdf-utils, reports, text, version-control, assets, browser-client, chrome-pdf, docx, html-to-xlsx, pptx, scripts, static-pdf, studio, xlsx
2025-06-04T14:10:10.953Z - error: Error occurred during reporter init: Error: Timeout occurred when waiting for the worker action "init"
    at Timeout.<anonymous> (C:\Cosmo\Projects\AVD\AVD-SERVER\node_modules\@jsreport\advanced-workers\lib\threadWorker.js:43:23)
    at listOnTimeout (node:internal/timers:594:17)
    at process.processTimers (node:internal/timers:529:7)
2025-06-04T14:14:07.264Z - info: Initializing jsreport (version: 4.9.0, configuration file: none, nodejs: 22.14.0)
2025-06-04T14:14:07.280Z - info: Searching for available extensions in C:\Cosmo\Projects\AVD\AVD-SERVER\
2025-06-04T14:14:07.309Z - info: Extensions location cache contains up to date information, skipping crawling in C:\Cosmo\Projects\AVD\AVD-SERVER\
2025-06-04T14:14:07.318Z - info: Found 35 extension(s)
2025-06-04T14:14:07.706Z - debug: Writing extension locations cache to C:\Users\cosmo\AppData\Local\Temp\jsreport\core\locations.json
2025-06-04T14:14:07.709Z - debug: Discovered 35 extensions
2025-06-04T14:14:07.807Z - info: Using extension authentication@4.2.3
2025-06-04T14:14:10.444Z - debug: Extension authentication@4.2.3 was disabled
2025-06-04T14:14:10.452Z - info: Using extension base@4.0.0
2025-06-04T14:14:10.508Z - info: Using extension child-templates@4.1.0
2025-06-04T14:14:10.520Z - info: Using extension cli@4.1.1
2025-06-04T14:14:10.570Z - info: Using extension components@4.0.2
2025-06-04T14:14:10.587Z - info: Using extension data@4.1.0
2025-06-04T14:14:10.602Z - info: Using extension express@4.2.0
2025-06-04T14:14:17.131Z - info: Using extension freeze@4.0.0
2025-06-04T14:14:17.142Z - info: Using extension fs-store@4.1.1
2025-06-04T14:14:18.782Z - debug: Extension fs-store@4.1.1 was disabled
2025-06-04T14:14:18.783Z - info: Using extension handlebars@4.0.1
2025-06-04T14:14:18.789Z - info: Using extension import-export@4.0.7
2025-06-04T14:14:18.892Z - info: Using extension jsrender@4.0.0
2025-06-04T14:14:18.895Z - info: Using extension licensing@4.0.5
2025-06-04T14:14:19.289Z - info: Using extension localization@4.0.1
2025-06-04T14:14:19.293Z - info: Using extension npm@4.0.0
2025-06-04T14:14:19.307Z - info: Using extension pdf-utils@4.3.0
2025-06-04T14:14:19.313Z - info: Using extension reports@4.1.4
2025-06-04T14:14:19.320Z - info: Using extension tags@4.0.1
2025-06-04T14:14:19.327Z - info: Using extension text@4.0.2
2025-06-04T14:14:19.329Z - info: Using extension version-control@4.1.1
2025-06-04T14:14:19.412Z - info: Using extension assets@4.2.2
2025-06-04T14:14:19.526Z - info: Using extension authorization@4.1.0
2025-06-04T14:14:19.559Z - debug: Extension authorization@4.1.0 was disabled
2025-06-04T14:14:19.559Z - info: Using extension browser-client@4.1.0
2025-06-04T14:14:19.585Z - info: Using extension chrome-pdf@4.2.0
2025-06-04T14:14:19.598Z - debug: Chrome strategy is chrome-pool, numberOfWorkers: 1
2025-06-04T14:14:19.601Z - debug: Chrome custom launch options are protocolTimeout=60000
2025-06-04T14:14:19.602Z - info: Using extension docx@4.8.0
2025-06-04T14:14:19.611Z - info: Using extension html-to-xlsx@4.2.1
2025-06-04T14:14:20.725Z - info: html-to-xlsx detected chrome as available html engine
2025-06-04T14:14:20.726Z - info: Using extension pptx@4.4.1
2025-06-04T14:14:20.731Z - info: Using extension scheduling@4.1.0
2025-06-04T14:14:20.917Z - info: Using extension scripts@4.2.0
2025-06-04T14:14:20.921Z - info: Using extension static-pdf@4.1.0
2025-06-04T14:14:20.923Z - info: Using extension studio@4.3.1
2025-06-04T14:14:22.284Z - info: Using extension xlsx@4.4.1
2025-06-04T14:14:22.294Z - info: Using extension public-templates@4.0.0
2025-06-04T14:14:22.302Z - debug: Extension public-templates@4.0.0 was disabled
2025-06-04T14:14:22.303Z - info: Using extension sample-template@4.0.1
2025-06-04T14:14:22.312Z - info: Using extension studio-theme-dark@4.0.0
2025-06-04T14:14:22.325Z - info: Using general timeout for rendering (reportTimeout: 60000)
2025-06-04T14:14:22.326Z - info: Using memory provider for template store. The saved templates will be lost after restart
2025-06-04T14:14:22.397Z - debug: studio default theme is: light
2025-06-04T14:14:22.421Z - info: Creating default express app.
2025-06-04T14:14:22.909Z - info: jsreport server successfully started on http port: 5488
2025-06-04T14:14:22.946Z - info: Verifying license key free
2025-06-04T14:14:22.953Z - info: Using free license
2025-06-04T14:14:22.980Z - info: Migrating templates chrome settings (waitForNetworkIddle -> waitForNetworkIdle)
2025-06-04T14:14:22.982Z - info: Migration successful
2025-06-04T14:14:22.986Z - debug: Creating samples is disabled
2025-06-04T14:14:22.988Z - info: Initializing worker threads
2025-06-04T14:14:22.988Z - debug: Extensions in workers: base, child-templates, components, data, express, handlebars, jsrender, localization, npm, pdf-utils, reports, text, version-control, assets, browser-client, chrome-pdf, docx, html-to-xlsx, pptx, scripts, static-pdf, studio, xlsx
2025-06-04T14:14:26.637Z - info: 2 worker threads initialized in 3649ms
2025-06-04T14:14:26.642Z - info: Starting temp files cleanup with 180000ms threshold
2025-06-04T14:14:26.652Z - info: reporter initialized
